[INFO] Scanning for projects...
[INFO] 
[INFO] -------------------< dev.siample:portfolio-backend >--------------------
[INFO] Building portfolio-backend 1.0.1 (23-FEB-2026)
[INFO]   from pom.xml
[INFO] --------------------------------[ jar ]---------------------------------
[INFO] 
[INFO] --- resources:3.3.1:resources (default-resources) @ portfolio-backend ---
[INFO] Copying 2 resources from src\main\resources to target\classes
[INFO] Copying 11 resources from src\main\resources to target\classes
[INFO] 
[INFO] --- compiler:3.13.0:compile (default-compile) @ portfolio-backend ---
[INFO] Recompiling the module because of changed source code.
[INFO] Compiling 16 source files with javac [debug parameters release 21] to target\classes
[INFO] Annotation processing is enabled because one or more processors were found
  on the class path. A future release of javac may disable annotation processing
  unless at least one processor is specified by name (-processor), or a search
  path is specified (--processor-path, --processor-module-path), or annotation
  processing is enabled explicitly (-proc:only, -proc:full).
  Use -Xlint:-options to suppress this message.
  Use -proc:none to disable annotation processing.
[INFO] -------------------------------------------------------------
[ERROR] COMPILATION ERROR : 
[INFO] -------------------------------------------------------------
[ERROR] /C:/ws/2026/portfolio-backend/src/main/java/dev/siample/controller/WebSocketController.java:[20,19] cannot find symbol
  symbol:   class WebSocketStatusService
  location: class dev.siample.controller.WebSocketController
[ERROR] /C:/ws/2026/portfolio-backend/src/main/java/dev/siample/controller/WebSocketController.java:[17,1] cannot find symbol
  symbol:   class WebSocketStatusService
  location: class dev.siample.controller.WebSocketController
[INFO] 2 errors 
[INFO] -------------------------------------------------------------
[INFO] ------------------------------------------------------------------------
[INFO] BUILD FAILURE
[INFO] ------------------------------------------------------------------------
[INFO] Total time:  3.786 s
[INFO] Finished at: 2026-02-25T22:05:42+01:00
[INFO] ------------------------------------------------------------------------
[ERROR] Failed to execute goal org.apache.maven.plugins:maven-compiler-plugin:3.13.0:compile (default-compile) on project portfolio-backend: Compilation failure: Compilation failure: 
[ERROR] /C:/ws/2026/portfolio-backend/src/main/java/dev/siample/controller/WebSocketController.java:[20,19] cannot find symbol
[ERROR]   symbol:   class WebSocketStatusService
[ERROR]   location: class dev.siample.controller.WebSocketController
[ERROR] /C:/ws/2026/portfolio-backend/src/main/java/dev/siample/controller/WebSocketController.java:[17,1] cannot find symbol
[ERROR]   symbol:   class WebSocketStatusService
[ERROR]   location: class dev.siample.controller.WebSocketController
[ERROR] -> [Help 1]
[ERROR] 
[ERROR] To see the full stack trace of the errors, re-run Maven with the -e switch.
[ERROR] Re-run Maven using the -X switch to enable full debug logging.
[ERROR] 
[ERROR] For more information about the errors and possible solutions, please read the following articles:
[ERROR] [Help 1] http://cwiki.apache.org/confluence/display/MAVEN/MojoFailureException
